Section: global
Section: myshare
Section: users
Section: print$
Section: printers
