[global]
	workgroup = TUX-NET
	printing = cups
	printcap name = cups
	printcap cache time = 750
	cups options = raw
	printer admin = @ntadmin, root, administrator
	username map = /etc/samba/smbusers
	map to guest = Bad User
	logon path = \\%L\profiles\.msprofile
	logon home = \\%L\%U\.9xprofile
	logon drive = F:
#[homes]
#	comment = Home Directories
#	valid users = %S
#	browseable = No
#	read only = No
#	inherit permissions = Yes
[users]
	comment = Users
	path = /home
	read only = No
	inherit permissions = Yes
	veto files = /aquota.user/groups/shares/
	browseable = Yes
[printers]
	comment = New Printers Share
	path = /var/tmp
	printable = Yes
	create mask = 0600
	browseable = No
[print$]
	comment = New comment
	path = /var/lib/samba/drivers
	write list = @ntadmin root
	directory mask = 0775
	comment = New comment
[myshare]    
	path = /home/me
	printable = No
	read only = No
	browseable = Yes
